{
  "schema": "complete-paired-affine-clock-checked-v1",
  "verified": true,
  "bits": 384,
  "actual_clock_corner_phase_checks": 8,
  "complete_valuation_classes": 20,
  "independent_zeta_derivative_crosscheck": true,
  "records": [
    {
      "design": "multi",
      "base_complete_clock_radius": "80206015486386312576607032092731120376287575142143523189181667919530110461105211196783752218862157831008394511545171379176524923071399985446482887637864040647848367259136099/1250000000000000000000000000000000000000000000000000000000000000000000000000000000000000000000000000000000000000000000000000000000000000000000000000000000000000000000000000000000000",
      "sixtyfold_clock_radius": "240618047534090550999997490319511387552874505303559883391245049203773842248481305357318843402514641771617702209688081743309570151882949956339448662913592121943545101777408297/62500000000000000000000000000000000000000000000000000000000000000000000000000000000000000000000000000000000000000000000000000000000000000000000000000000000000000000000000000000000",
      "verified": true
    },
    {
      "design": "outer",
      "base_complete_clock_radius": "80210761161673117930822253937880985549481016909814665982972550543459709226836670613370088018658995789151964127687988414793922175140577541861672360812434258670522603957560499/1250000000000000000000000000000000000000000000000000000000000000000000000000000000000000000000000000000000000000000000000000000000000000000000000000000000000000000000000000000000000",
      "sixtyfold_clock_radius": "240632284560243092230342103683278936674536591490291461190459769207475409895346886457605246832749424443291515066030788314227154017415482625585017082437302776011567811872681497/62500000000000000000000000000000000000000000000000000000000000000000000000000000000000000000000000000000000000000000000000000000000000000000000000000000000000000000000000000000000",
      "verified": true
    }
  ],
  "clock_bound_sha256": "358cc0ee23f483db34b51a77a011a38d0424807e39049c1cb3e82f86daff9c9e"
}
