built multi
built outer
{
  "sum_cutoff": 1000,
  "zeta2_comparison_upper": "8224672833407800087712757886038161814213/5000000000000000000000000000000000000000",
  "logarithmic_series_comparison_upper": "9375517071255242695926312990195583552123/10000000000000000000000000000000000000000",
  "complete_signal_derivative_upper": "4236677628957192044734946566283271/500000000000000000000000000000",
  "clock_slope_radius": "1/100000000000000",
  "clock_offset_radius": "1/100000000000",
  "maximum_nominal_absolute_time_upper": "890",
  "complete_clock_distortion_radius": "800732071872909296454904901027538219/5000000000000000000000000000000000000000000"
}
multi 6 [('1/2', 3.2176719924141077e-09), ('1', 4.183214262878074e-07), ('2', 5.697647660288678e-05), ('3', 0.0010791685370967936)]
multi 8 [('1/2', 2.6250280924610705e-12), ('1', 1.362177403192553e-09), ('2', 7.358375509056265e-07), ('3', 3.092124153157249e-05)]
multi 10 [('1/2', 1.4447252640191637e-15), ('1', 2.9939289708080366e-12), ('2', 6.42757617601811e-09), ('3', 6.012761095049763e-07)]
multi 12 [('1/2', 5.696481938468728e-19), ('1', 4.715951425393361e-15), ('2', 4.029287523438505e-11), ('3', 8.409816639615671e-09)]
outer 6 [('1/2', 3.2199795459571615e-09), ('1', 4.186219136081723e-07), ('2', 5.701766474308464e-05), ('3', 0.0010799565828602136)]
outer 8 [('1/2', 2.6268691083698197e-12), ('1', 1.3631338645251073e-09), ('2', 7.363566171409388e-07), ('3', 3.094321647877981e-05)]
outer 10 [('1/2', 1.4457334145794282e-15), ('1', 2.9960199531983035e-12), ('2', 6.432080324304859e-09), ('3', 6.016997556062861e-07)]
outer 12 [('1/2', 5.700470843596633e-19), ('1', 4.7192557960789874e-15), ('2', 4.032117786370061e-11), ('3', 8.415747889359762e-09)]
