round 0 searched 964 best {'bank': [-16, -8, -2, 2, 8, 16], 'source': 3.5817497667480923e-10, 'pair': 4.822103392158993e-16, 'time': 1.0, 'labels': [2, 3]} score 0.33202730647457046 elapsed 5.745136665995233
round 1 searched 1240 best {'bank': [-12, -7, -1, 1, 7, 16], 'source': 8.330534856804974e-10, 'pair': 4.915022968583857e-16, 'time': 1.0, 'labels': [-9, -8]} score 0.33842531045127333 elapsed 7.389991165982792
round 2 searched 1448 best {'bank': [-12, -7, -1, 1, 7, 16], 'source': 8.330534856804974e-10, 'pair': 4.915022968583857e-16, 'time': 1.0, 'labels': [-9, -8]} score 0.33842531045127333 elapsed 8.652376415993785
round 3 searched 1611 best {'bank': [-12, -7, -1, 1, 7, 16], 'source': 8.330534856804974e-10, 'pair': 4.915022968583857e-16, 'time': 1.0, 'labels': [-9, -8]} score 0.33842531045127333 elapsed 9.68696258298587
round 4 searched 1730 best {'bank': [-12, -7, -1, 1, 7, 16], 'source': 8.330534856804974e-10, 'pair': 4.915022968583857e-16, 'time': 1.0, 'labels': [-9, -8]} score 0.33842531045127333 elapsed 10.411419915995793
refined {'bank': [-12, -7, -1, 1, 7, 16], 'source': 8.330534856804974e-10, 'pair': 2.867606977622728e-23, 'time': 1.1461760907894438, 'labels': [-9, -7], 'local_time_minimizations': 20} score 1.9744989756046384e-08
refined {'bank': [-12, -7, -1, 1, 7, 15], 'source': 1.5431539587705505e-09, 'pair': 2.867606977622732e-23, 'time': 1.1461760907894438, 'labels': [-9, -7], 'local_time_minimizations': 21} score 1.9744989756046407e-08
refined {'bank': [-12, -7, -1, 1, 7, 12], 'source': 1.5431540426397879e-09, 'pair': 2.867606877314206e-23, 'time': 1.1461760907896632, 'labels': [7, 9], 'local_time_minimizations': 31} score 1.9744989065369188e-08
refined {'bank': [-16, -7, -1, 1, 7, 12], 'source': 8.330534856804952e-10, 'pair': 2.867606931333661e-23, 'time': 1.1461760907892962, 'labels': [7, 9], 'local_time_minimizations': 20} score 1.9744989437321687e-08
refined {'bank': [-16, -8, -1, 1, 7, 12], 'source': 8.301141602519471e-10, 'pair': 6.427303200438621e-25, 'time': 1.1461760906618135, 'labels': [7, 9], 'local_time_minimizations': 22} score 4.42553797790211e-10
refined {'bank': [-12, -7, -1, 1, 8, 16], 'source': 8.301141602519471e-10, 'pair': 6.427298833521057e-25, 'time': 1.14617609066185, 'labels': [-9, -7], 'local_time_minimizations': 22} score 4.425534971048548e-10
refined {'bank': [-12, -10, -1, 1, 7, 12], 'source': 7.717782675126598e-10, 'pair': 1.9269381489593208e-28, 'time': 1.1461760906596665, 'labels': [7, 9], 'local_time_minimizations': 34} score 1.326798766659383e-13
refined {'bank': [-12, -7, -1, 1, 10, 16], 'source': 7.717781836347303e-10, 'pair': 1.9267097090458794e-28, 'time': 1.146176090659663, 'labels': [-9, -7], 'local_time_minimizations': 24} score 1.3266414737044568e-13
refined {'bank': [-12, -7, -1, 1, 10, 14], 'source': 7.717781836626673e-10, 'pair': 1.9267097427241253e-28, 'time': 1.146176090659663, 'labels': [-9, -7], 'local_time_minimizations': 23} score 1.3266414968937092e-13
refined {'bank': [-12, -7, -1, 1, 10, 15], 'source': 7.717781836351274e-10, 'pair': 1.9267097093372376e-28, 'time': 1.146176090659663, 'labels': [-9, -7], 'local_time_minimizations': 23} score 1.3266414739050723e-13
refined {'bank': [-12, -7, -1, 1, 10, 12], 'source': 7.717782675126598e-10, 'pair': 1.9270325492360187e-28, 'time': 1.146176090659663, 'labels': [-9, -7], 'local_time_minimizations': 34} score 1.3268637662395526e-13
refined {'bank': [-12, -7, -1, 1, 10, 13], 'source': 1.9829046055168695e-10, 'pair': 1.9267131935694244e-28, 'time': 1.146176090659663, 'labels': [-9, -7], 'local_time_minimizations': 62} score 1.3266438729830972e-13
refined {'bank': [-12, -7, -1, 1, 11, 16], 'source': 2.897722179726202e-10, 'pair': 3.443985997150825e-30, 'time': 1.1461760906596687, 'labels': [-9, -7], 'local_time_minimizations': 21} score 2.371366395895858e-15
refined {'bank': [-14, -10, -1, 1, 7, 12], 'source': 7.717781836626656e-10, 'pair': 1.9265919151470658e-28, 'time': 1.146176090659664, 'labels': [7, 9], 'local_time_minimizations': 23} score 1.326560366378957e-13
refined {'bank': [-16, -11, -1, 1, 7, 12], 'source': 2.8977221797262683e-10, 'pair': 3.4453991233469225e-30, 'time': 1.1461760906596805, 'labels': [7, 9], 'local_time_minimizations': 21} score 2.3723394079746985e-15
refined {'bank': [-13, -10, -1, 1, 7, 12], 'source': 1.9829046055338101e-10, 'pair': 1.9266195856997727e-28, 'time': 1.1461760906596474, 'labels': [7, 9], 'local_time_minimizations': 62} score 1.3265794190170628e-13
refined {'bank': [-15, -10, -1, 1, 7, 12], 'source': 7.717781836351274e-10, 'pair': 1.9266811045041504e-28, 'time': 1.1461760906596685, 'labels': [7, 9], 'local_time_minimizations': 23} score 1.326621777965542e-13
refined {'bank': [-16, -10, -1, 1, 7, 12], 'source': 7.717781836347303e-10, 'pair': 1.9266814587150602e-28, 'time': 1.1461760906596592, 'labels': [7, 9], 'local_time_minimizations': 24} score 1.3266220218584758e-13
refined {'bank': [-16, -8, -2, 2, 8, 16], 'source': 3.5817497667480923e-10, 'pair': 6.644370389608065e-21, 'time': 1.1716523663607947, 'labels': [-1, 1], 'local_time_minimizations': 9} score 4.575000211045286e-06
refined {'bank': [-12, -7, -1, 1, 6, 16], 'source': 1.468217166754813e-09, 'pair': 1.0361545575978138e-21, 'time': 1.1461760968577828, 'labels': [-9, -7], 'local_time_minimizations': 32} score 7.134471803528036e-07
refined {'bank': [-16, -6, -1, 1, 7, 12], 'source': 1.4682171667547071e-09, 'pair': 1.0361545835822667e-21, 'time': 1.1461760968561157, 'labels': [7, 9], 'local_time_minimizations': 32} score 7.134471982444729e-07
refined {'bank': [-11, -6, -2, 1, 10, 14], 'source': 1.5592575888190004e-09, 'pair': 5.167716350788435e-27, 'time': 1.037171046532927, 'labels': [-8, -6], 'local_time_minimizations': 66} score 3.5582458546345227e-12
refined {'bank': [-14, -10, -1, 2, 6, 11], 'source': 1.5592575888190004e-09, 'pair': 5.167691846793809e-27, 'time': 1.0371710465329258, 'labels': [6, 8], 'local_time_minimizations': 66} score 3.5582289823390284e-12
refined {'bank': [-14, -10, -1, 2, 6, 12], 'source': 1.3754629547649314e-09, 'pair': 7.119496564547596e-29, 'time': 1.1118393694343578, 'labels': [8, 9], 'local_time_minimizations': 44} score 4.9021496959718355e-14
refined {'bank': [-12, -6, -2, 1, 10, 14], 'source': 1.3754629547649314e-09, 'pair': 7.119435218665644e-29, 'time': 1.1118393694343198, 'labels': [-9, -8], 'local_time_minimizations': 44} score 4.902107456089586e-14
refined {'bank': [-14, -10, -1, 2, 7, 11], 'source': 1.562252592970716e-09, 'pair': 7.046707792406571e-18, 'time': 1.9814196712810934, 'labels': [5, 7], 'local_time_minimizations': 59} score 0.004852030778996985
refined {'bank': [-14, -10, -1, 2, 7, 12], 'source': 1.304483565061821e-09, 'pair': 1.1401565718614567e-28, 'time': 1.1037242379957712, 'labels': [7, 9], 'local_time_minimizations': 58} score 7.85058064350101e-14
refined {'bank': [-11, -7, -2, 1, 10, 14], 'source': 1.562252592970716e-09, 'pair': 7.046707792110378e-18, 'time': 1.9814196712810903, 'labels': [-7, -5], 'local_time_minimizations': 59} score 0.004852030778793041
refined {'bank': [-12, -7, -2, 1, 10, 14], 'source': 1.304483565061821e-09, 'pair': 1.1401470936638232e-28, 'time': 1.1037242379957808, 'labels': [-9, -7], 'local_time_minimizations': 58} score 7.850515381100465e-14
refined {'bank': [-14, -10, -1, 2, 8, 10], 'source': 3.953629625578999e-10, 'pair': 2.6370013139249587e-24, 'time': 1.3294948721777147, 'labels': [6, 9], 'local_time_minimizations': 45} score 1.815714787153072e-09
refined {'bank': [-14, -10, -1, 2, 8, 14], 'source': 3.9462324369823036e-10, 'pair': 1.8217651714886126e-28, 'time': 1.4051788254068647, 'labels': [9, 10], 'local_time_minimizations': 42} score 1.2543816126010684e-13
refined {'bank': [-14, -10, -1, 2, 8, 11], 'source': 3.9465602887337665e-10, 'pair': 1.6012805186249572e-27, 'time': 1.1914350649117416, 'labels': [8, 9], 'local_time_minimizations': 69} score 1.1025662750694455e-12
refined {'bank': [-10, -8, -2, 1, 10, 14], 'source': 3.953629625588653e-10, 'pair': 2.637001286131452e-24, 'time': 1.3294948721777153, 'labels': [-9, -6], 'local_time_minimizations': 45} score 1.8157147680157735e-09
refined {'bank': [-11, -8, -2, 1, 10, 14], 'source': 3.946560288759052e-10, 'pair': 1.6012759234033608e-27, 'time': 1.191435064911737, 'labels': [-9, -8], 'local_time_minimizations': 69} score 1.1025631110164892e-12
refined {'bank': [-12, -6, -2, 1, 10, 15], 'source': 1.3754629547649314e-09, 'pair': 7.119435210724596e-29, 'time': 1.1118393694343198, 'labels': [-9, -8], 'local_time_minimizations': 42} score 4.902107450621755e-14
refined {'bank': [-15, -10, -1, 2, 6, 11], 'source': 1.5592575888190004e-09, 'pair': 5.167724691903808e-27, 'time': 1.0371710465329218, 'labels': [6, 8], 'local_time_minimizations': 63} score 3.5582515979333383e-12
refined {'bank': [-15, -10, -1, 2, 6, 12], 'source': 1.3754629547649314e-09, 'pair': 7.119398873933461e-29, 'time': 1.1118393694343167, 'labels': [8, 9], 'local_time_minimizations': 42} score 4.9020824308204244e-14
refined {'bank': [-12, -7, -2, 1, 10, 15], 'source': 1.3044835649163554e-09, 'pair': 1.140147079949162e-28, 'time': 1.1037242379957808, 'labels': [-9, -7], 'local_time_minimizations': 56} score 7.850515286667774e-14
refined {'bank': [-11, -7, -2, 1, 10, 15], 'source': 1.562252511447971e-09, 'pair': 7.046689964400909e-18, 'time': 1.981419671281096, 'labels': [-7, -5], 'local_time_minimizations': 57} score 0.004852018503472762
refined {'bank': [-15, -10, -1, 2, 7, 12], 'source': 1.3044835649163554e-09, 'pair': 1.1401026970812258e-28, 'time': 1.1037242379957697, 'labels': [7, 9], 'local_time_minimizations': 56} score 7.850209687162826e-14
refined {'bank': [-15, -10, -1, 2, 7, 11], 'source': 1.5622525114479694e-09, 'pair': 7.046689963845762e-18, 'time': 1.981419671281116, 'labels': [5, 7], 'local_time_minimizations': 57} score 0.004852018503090514
refined {'bank': [-15, -10, -1, 2, 8, 10], 'source': 3.953617906135922e-10, 'pair': 2.637001090603715e-24, 'time': 1.3294948721777187, 'labels': [6, 9], 'local_time_minimizations': 43} score 1.8157146333845917e-09
refined {'bank': [-15, -10, -1, 2, 8, 14], 'source': 3.94622071755381e-10, 'pair': 1.8219913555541634e-28, 'time': 1.4051788254068642, 'labels': [9, 10], 'local_time_minimizations': 42} score 1.2545373522854858e-13
refined {'bank': [-15, -10, -1, 2, 8, 11], 'source': 3.9465485692906997e-10, 'pair': 1.6012737836629028e-27, 'time': 1.19143506491174, 'labels': [8, 9], 'local_time_minimizations': 67} score 1.1025616376920849e-12
refined {'bank': [-11, -8, -2, 1, 10, 15], 'source': 3.9465485692906997e-10, 'pair': 1.6012759150855824e-27, 'time': 1.191435064911737, 'labels': [-9, -8], 'local_time_minimizations': 67} score 1.102563105289259e-12
refined {'bank': [-10, -8, -2, 1, 10, 15], 'source': 3.953617906119107e-10, 'pair': 2.637001072826767e-24, 'time': 1.3294948721777153, 'labels': [-9, -6], 'local_time_minimizations': 43} score 1.8157146211442233e-09
refined {'bank': [-16, -10, -1, 2, 6, 12], 'source': 8.300227295370635e-10, 'pair': 7.119237591284888e-29, 'time': 1.111839369434251, 'labels': [8, 9], 'local_time_minimizations': 38} score 4.901971379192054e-14
refined {'bank': [-16, -10, -1, 2, 6, 11], 'source': 8.300227295370635e-10, 'pair': 5.167695187010835e-27, 'time': 1.0371710465329245, 'labels': [6, 8], 'local_time_minimizations': 60} score 3.558231282255003e-12
refined {'bank': [-12, -6, -2, 1, 10, 16], 'source': 8.300227295370651e-10, 'pair': 7.119435210660596e-29, 'time': 1.1118393694343198, 'labels': [-9, -8], 'local_time_minimizations': 38} score 4.9021074505776874e-14
refined {'bank': [-16, -10, -1, 2, 7, 12], 'source': 8.30022729536669e-10, 'pair': 1.1401452369841983e-28, 'time': 1.1037242379957706, 'labels': [7, 9], 'local_time_minimizations': 56} score 7.850502596879873e-14
