{
  "schema": "complete-orbit-affine-clock-checked-v1",
  "verified": true,
  "bits": 384,
  "actual_corner_lag_checks": 248,
  "block_length": 32,
  "all_odd_starting_integers_included": true,
  "all_omitted_valuations_included": true,
  "independent_zeta_derivative_crosscheck": true,
  "orbit_bound_sha256": "c3098e344ee0db68dc88bc87cb7df856c9bb93194dfaf44a947967a63e587424",
  "wall_seconds": 1.7011079590010922,
  "records": [
    {
      "design": "multi",
      "base_complete_clock_radius": "12843374287541222563508112533125362441070480594101820324852193760619895863894594742098694990086412631698248539354898538383616547665274929225907032255336287200920452313344437936146581349853166758567746412874647193091582506219775159964755366304162356270314555945936417494682228125616515298431/430000000000000000000000000000000000000000000000000000000000000000000000000000000000000000000000000000000000000000000000000000000000000000000000000000000000000000000000000000000000000000000000000000000000000000000000000000000000000000000000000000000000000000000000000000000000000000000000000000000",
      "h120_complete_clock_radius": "38530123608444015501167403132857353928183411630613352342132599253792436757385850996678883801298483601068700609284219471256102032570874787677721096766008861602761356940033313808439744049559500275703239238623941579274747518659325479894266098912487068810943667837809252484046684376849545895293/10750000000000000000000000000000000000000000000000000000000000000000000000000000000000000000000000000000000000000000000000000000000000000000000000000000000000000000000000000000000000000000000000000000000000000000000000000000000000000000000000000000000000000000000000000000000000000000000000000000",
      "verified": true
    },
    {
      "design": "outer",
      "base_complete_clock_radius": "64220671073046058827096189493379737966393857350455883588124362164952772486556141507680203993811165093922196243125375811452426378008924440704220262105716327488991091345889768463703950788047528741174642723862193175810714670902823936973000220156340295550356065538214981533793001390265148671339/2150000000000000000000000000000000000000000000000000000000000000000000000000000000000000000000000000000000000000000000000000000000000000000000000000000000000000000000000000000000000000000000000000000000000000000000000000000000000000000000000000000000000000000000000000000000000000000000000000000000",
      "h120_complete_clock_radius": "192662016949253342302717805325513661216822689389168646972489029302995047014461839721496087824650146479767186199709167195983616623201023322112660786317148982466973274037669305391111852364142586223523928171586579527432144012708471810919000660469020886651068196614644944601379004170795446014017/53750000000000000000000000000000000000000000000000000000000000000000000000000000000000000000000000000000000000000000000000000000000000000000000000000000000000000000000000000000000000000000000000000000000000000000000000000000000000000000000000000000000000000000000000000000000000000000000000000000",
      "verified": true
    }
  ]
}
