{
  "schema": "structured-potential-raw-fixtures-v1",
  "status": "synthetic mathematical observations, not laboratory measurements",
  "generator_family": "H(g)=I_y tensor L_x + L_y tensor diag(1+g*x); exact finite paths each have 1001 vertices",
  "working_precision_bits": 256,
  "true_g_interval": [
    "319999/400000",
    "320001/400000"
  ],
  "clock_radius": "1/2000000",
  "bank_rows": [
    490,
    492,
    496,
    500,
    504,
    508,
    510
  ],
  "case_count": 12,
  "runtime_seconds": 26.465254415990785
}
